// Jest Snapshot v1, https://goo.gl/fbAQLP

exports[`ContactsOfficeDetails should match a snapshot 1`] = `
{
  "asFragment": [Function],
  "baseElement": <body>
    <div>
      <div
        class="mocked-styled-97 el-snack-holder"
      />
      <p
        class="el-text-base el-has-bold-text el-has-section-margin el-body-text"
      >
        Provide information here relating to your Reapit organisation & office.
      </p>
      <div
        class="el-fade-in el-form-layout"
      >
        <div
          class="mocked-styled-139 el-input-wrap-full"
        >
          <div
            class="el-mb3 el-input-group"
          >
            <input
              class="mocked-styled-38 el-input"
              id="test-static-id"
              placeholder="Search"
            />
            <span
              class="el-icon-new el-icon"
              role="img"
              style="font-size: 1rem;"
            >
              <svg
                fill="none"
                height="1em"
                style="font-size: 1rem;"
                viewBox="0 0 24 24"
                width="1em"
                xmlns="http://www.w3.org/2000/svg"
              >
                <path
                  d="m21.71 20.29-5.4-5.39A7.9 7.9 0 0 0 18 10a8 8 0 1 0-8 8 7.9 7.9 0 0 0 4.9-1.69l5.39 5.4a1 1 0 0 0 1.42 0 1 1 0 0 0 0-1.42M4 10a6 6 0 1 1 12 0 6 6 0 0 1-12 0"
                  fill="currentColor"
                />
              </svg>
            </span>
            <label
              class="mocked-styled-41 el-label"
              for="test-static-id"
            >
              Source
            </label>
          </div>
          <div
            aria-controls=":r0:"
            aria-haspopup="listbox"
            class="mocked-styled-58 el-multi-select-input-wrapper"
            role="combobox"
          >
            <input
              class="mocked-styled-57 el-multi-select-input"
              id="source-select"
            />
            <div
              class="mocked-styled-55 el-multi-select-selected"
            />
            <div
              class="mocked-styled-56 el-multi-select-un-selected"
            >
              <input
                class="mocked-styled-52 el-multi-select-checkbox"
                id="test-static-id"
                type="checkbox"
              />
              <label
                class="el-has-grey-chips el-multi-select-label"
                for="test-static-id"
              >
                London Estate Agent
              </label>
              <input
                class="mocked-styled-52 el-multi-select-checkbox"
                id="test-static-id"
                type="checkbox"
              />
              <label
                class="el-has-grey-chips el-multi-select-label"
                for="test-static-id"
              >
                Propertyfinder WhatsApp
              </label>
            </div>
          </div>
          <p
            class="mocked-styled-42 el-input-error"
          >
            Error
          </p>
        </div>
        <div
          class="mocked-styled-139 el-input-wrap-full"
        >
          <div
            class="el-mb3 el-input-group"
          >
            <input
              class="mocked-styled-38 el-input"
              id="test-static-id"
              placeholder="Search"
            />
            <span
              class="el-icon-new el-icon"
              role="img"
              style="font-size: 1rem;"
            >
              <svg
                fill="none"
                height="1em"
                style="font-size: 1rem;"
                viewBox="0 0 24 24"
                width="1em"
                xmlns="http://www.w3.org/2000/svg"
              >
                <path
                  d="m21.71 20.29-5.4-5.39A7.9 7.9 0 0 0 18 10a8 8 0 1 0-8 8 7.9 7.9 0 0 0 4.9-1.69l5.39 5.4a1 1 0 0 0 1.42 0 1 1 0 0 0 0-1.42M4 10a6 6 0 1 1 12 0 6 6 0 0 1-12 0"
                  fill="currentColor"
                />
              </svg>
            </span>
            <label
              class="mocked-styled-41 el-label"
              for="test-static-id"
            >
              Negotiators
            </label>
          </div>
          <div
            aria-controls=":r1:"
            aria-haspopup="listbox"
            class="mocked-styled-58 el-multi-select-input-wrapper"
            role="combobox"
          >
            <input
              class="mocked-styled-57 el-multi-select-input"
              id="negotiators-select"
            />
            <div
              class="mocked-styled-55 el-multi-select-selected"
            />
            <div
              class="mocked-styled-56 el-multi-select-un-selected"
            >
              <input
                class="mocked-styled-52 el-multi-select-checkbox"
                id="test-static-id"
                type="checkbox"
              />
              <label
                class="el-has-grey-chips el-multi-select-label"
                for="test-static-id"
              >
                Mr Alfred Williamson
              </label>
              <input
                class="mocked-styled-52 el-multi-select-checkbox"
                id="test-static-id"
                type="checkbox"
              />
              <label
                class="el-has-grey-chips el-multi-select-label"
                for="test-static-id"
              >
                London Estate Agent
              </label>
            </div>
          </div>
          <p
            class="mocked-styled-42 el-input-error"
          >
            Error
          </p>
        </div>
        <div
          class="mocked-styled-139 el-input-wrap-full"
        >
          <div
            class="el-mb3 el-input-group"
          >
            <input
              class="mocked-styled-38 el-input"
              id="test-static-id"
              placeholder="Search"
            />
            <span
              class="el-icon-new el-icon"
              role="img"
              style="font-size: 1rem;"
            >
              <svg
                fill="none"
                height="1em"
                style="font-size: 1rem;"
                viewBox="0 0 24 24"
                width="1em"
                xmlns="http://www.w3.org/2000/svg"
              >
                <path
                  d="m21.71 20.29-5.4-5.39A7.9 7.9 0 0 0 18 10a8 8 0 1 0-8 8 7.9 7.9 0 0 0 4.9-1.69l5.39 5.4a1 1 0 0 0 1.42 0 1 1 0 0 0 0-1.42M4 10a6 6 0 1 1 12 0 6 6 0 0 1-12 0"
                  fill="currentColor"
                />
              </svg>
            </span>
            <label
              class="mocked-styled-41 el-label"
              for="test-static-id"
            >
              Offices
            </label>
          </div>
          <div
            aria-controls=":r2:"
            aria-haspopup="listbox"
            class="mocked-styled-58 el-multi-select-input-wrapper"
            role="combobox"
          >
            <input
              class="mocked-styled-57 el-multi-select-input"
              id="offices-select"
            />
            <div
              class="mocked-styled-55 el-multi-select-selected"
            />
          </div>
          <p
            class="mocked-styled-42 el-input-error"
          >
            Error
          </p>
        </div>
      </div>
    </div>
  </body>,
  "container": <div>
    <div
      class="mocked-styled-97 el-snack-holder"
    />
    <p
      class="el-text-base el-has-bold-text el-has-section-margin el-body-text"
    >
      Provide information here relating to your Reapit organisation & office.
    </p>
    <div
      class="el-fade-in el-form-layout"
    >
      <div
        class="mocked-styled-139 el-input-wrap-full"
      >
        <div
          class="el-mb3 el-input-group"
        >
          <input
            class="mocked-styled-38 el-input"
            id="test-static-id"
            placeholder="Search"
          />
          <span
            class="el-icon-new el-icon"
            role="img"
            style="font-size: 1rem;"
          >
            <svg
              fill="none"
              height="1em"
              style="font-size: 1rem;"
              viewBox="0 0 24 24"
              width="1em"
              xmlns="http://www.w3.org/2000/svg"
            >
              <path
                d="m21.71 20.29-5.4-5.39A7.9 7.9 0 0 0 18 10a8 8 0 1 0-8 8 7.9 7.9 0 0 0 4.9-1.69l5.39 5.4a1 1 0 0 0 1.42 0 1 1 0 0 0 0-1.42M4 10a6 6 0 1 1 12 0 6 6 0 0 1-12 0"
                fill="currentColor"
              />
            </svg>
          </span>
          <label
            class="mocked-styled-41 el-label"
            for="test-static-id"
          >
            Source
          </label>
        </div>
        <div
          aria-controls=":r0:"
          aria-haspopup="listbox"
          class="mocked-styled-58 el-multi-select-input-wrapper"
          role="combobox"
        >
          <input
            class="mocked-styled-57 el-multi-select-input"
            id="source-select"
          />
          <div
            class="mocked-styled-55 el-multi-select-selected"
          />
          <div
            class="mocked-styled-56 el-multi-select-un-selected"
          >
            <input
              class="mocked-styled-52 el-multi-select-checkbox"
              id="test-static-id"
              type="checkbox"
            />
            <label
              class="el-has-grey-chips el-multi-select-label"
              for="test-static-id"
            >
              London Estate Agent
            </label>
            <input
              class="mocked-styled-52 el-multi-select-checkbox"
              id="test-static-id"
              type="checkbox"
            />
            <label
              class="el-has-grey-chips el-multi-select-label"
              for="test-static-id"
            >
              Propertyfinder WhatsApp
            </label>
          </div>
        </div>
        <p
          class="mocked-styled-42 el-input-error"
        >
          Error
        </p>
      </div>
      <div
        class="mocked-styled-139 el-input-wrap-full"
      >
        <div
          class="el-mb3 el-input-group"
        >
          <input
            class="mocked-styled-38 el-input"
            id="test-static-id"
            placeholder="Search"
          />
          <span
            class="el-icon-new el-icon"
            role="img"
            style="font-size: 1rem;"
          >
            <svg
              fill="none"
              height="1em"
              style="font-size: 1rem;"
              viewBox="0 0 24 24"
              width="1em"
              xmlns="http://www.w3.org/2000/svg"
            >
              <path
                d="m21.71 20.29-5.4-5.39A7.9 7.9 0 0 0 18 10a8 8 0 1 0-8 8 7.9 7.9 0 0 0 4.9-1.69l5.39 5.4a1 1 0 0 0 1.42 0 1 1 0 0 0 0-1.42M4 10a6 6 0 1 1 12 0 6 6 0 0 1-12 0"
                fill="currentColor"
              />
            </svg>
          </span>
          <label
            class="mocked-styled-41 el-label"
            for="test-static-id"
          >
            Negotiators
          </label>
        </div>
        <div
          aria-controls=":r1:"
          aria-haspopup="listbox"
          class="mocked-styled-58 el-multi-select-input-wrapper"
          role="combobox"
        >
          <input
            class="mocked-styled-57 el-multi-select-input"
            id="negotiators-select"
          />
          <div
            class="mocked-styled-55 el-multi-select-selected"
          />
          <div
            class="mocked-styled-56 el-multi-select-un-selected"
          >
            <input
              class="mocked-styled-52 el-multi-select-checkbox"
              id="test-static-id"
              type="checkbox"
            />
            <label
              class="el-has-grey-chips el-multi-select-label"
              for="test-static-id"
            >
              Mr Alfred Williamson
            </label>
            <input
              class="mocked-styled-52 el-multi-select-checkbox"
              id="test-static-id"
              type="checkbox"
            />
            <label
              class="el-has-grey-chips el-multi-select-label"
              for="test-static-id"
            >
              London Estate Agent
            </label>
          </div>
        </div>
        <p
          class="mocked-styled-42 el-input-error"
        >
          Error
        </p>
      </div>
      <div
        class="mocked-styled-139 el-input-wrap-full"
      >
        <div
          class="el-mb3 el-input-group"
        >
          <input
            class="mocked-styled-38 el-input"
            id="test-static-id"
            placeholder="Search"
          />
          <span
            class="el-icon-new el-icon"
            role="img"
            style="font-size: 1rem;"
          >
            <svg
              fill="none"
              height="1em"
              style="font-size: 1rem;"
              viewBox="0 0 24 24"
              width="1em"
              xmlns="http://www.w3.org/2000/svg"
            >
              <path
                d="m21.71 20.29-5.4-5.39A7.9 7.9 0 0 0 18 10a8 8 0 1 0-8 8 7.9 7.9 0 0 0 4.9-1.69l5.39 5.4a1 1 0 0 0 1.42 0 1 1 0 0 0 0-1.42M4 10a6 6 0 1 1 12 0 6 6 0 0 1-12 0"
                fill="currentColor"
              />
            </svg>
          </span>
          <label
            class="mocked-styled-41 el-label"
            for="test-static-id"
          >
            Offices
          </label>
        </div>
        <div
          aria-controls=":r2:"
          aria-haspopup="listbox"
          class="mocked-styled-58 el-multi-select-input-wrapper"
          role="combobox"
        >
          <input
            class="mocked-styled-57 el-multi-select-input"
            id="offices-select"
          />
          <div
            class="mocked-styled-55 el-multi-select-selected"
          />
        </div>
        <p
          class="mocked-styled-42 el-input-error"
        >
          Error
        </p>
      </div>
    </div>
  </div>,
  "debug": [Function],
  "findAllByAltText": [Function],
  "findAllByDisplayValue": [Function],
  "findAllByLabelText": [Function],
  "findAllByPlaceholderText": [Function],
  "findAllByRole": [Function],
  "findAllByTestId": [Function],
  "findAllByText": [Function],
  "findAllByTitle": [Function],
  "findByAltText": [Function],
  "findByDisplayValue": [Function],
  "findByLabelText": [Function],
  "findByPlaceholderText": [Function],
  "findByRole": [Function],
  "findByTestId": [Function],
  "findByText": [Function],
  "findByTitle": [Function],
  "getAllByAltText": [Function],
  "getAllByDisplayValue": [Function],
  "getAllByLabelText": [Function],
  "getAllByPlaceholderText": [Function],
  "getAllByRole": [Function],
  "getAllByTestId": [Function],
  "getAllByText": [Function],
  "getAllByTitle": [Function],
  "getByAltText": [Function],
  "getByDisplayValue": [Function],
  "getByLabelText": [Function],
  "getByPlaceholderText": [Function],
  "getByRole": [Function],
  "getByTestId": [Function],
  "getByText": [Function],
  "getByTitle": [Function],
  "queryAllByAltText": [Function],
  "queryAllByDisplayValue": [Function],
  "queryAllByLabelText": [Function],
  "queryAllByPlaceholderText": [Function],
  "queryAllByRole": [Function],
  "queryAllByTestId": [Function],
  "queryAllByText": [Function],
  "queryAllByTitle": [Function],
  "queryByAltText": [Function],
  "queryByDisplayValue": [Function],
  "queryByLabelText": [Function],
  "queryByPlaceholderText": [Function],
  "queryByRole": [Function],
  "queryByTestId": [Function],
  "queryByText": [Function],
  "queryByTitle": [Function],
  "rerender": [Function],
  "unmount": [Function],
}
`;
